\BOOKMARK [2][-]{subsection.0.1}{\376\377\000M\000e\000t\000h\000o\000d\000\040\0004\000:\000\040\000M\000o\000n\000t\000e\000\040\000C\000a\000r\000l\000o\000\040\000S\000i\000m\000u\000l\000a\000t\000i\000o\000n}{}% 1
\BOOKMARK [3][-]{subsubsection.0.1.1}{\376\377\000S\000t\000a\000t\000i\000s\000t\000i\000c\000a\000l\000\040\000C\000o\000n\000v\000e\000r\000g\000e\000n\000c\000e\000\040\000a\000n\000d\000\040\000C\000o\000n\000f\000i\000d\000e\000n\000c\000e\000\040\000I\000n\000t\000e\000r\000v\000a\000l\000s}{subsection.0.1}% 2
\BOOKMARK [3][-]{subsubsection.0.1.2}{\376\377\000N\000u\000m\000e\000r\000i\000c\000a\000l\000\040\000V\000a\000l\000i\000d\000a\000t\000i\000o\000n}{subsection.0.1}% 3
\BOOKMARK [2][-]{subsection.0.2}{\376\377\000M\000e\000t\000h\000o\000d\000\040\0005\000:\000\040\000D\000e\000e\000p\000\040\000N\000e\000u\000r\000a\000l\000\040\000N\000e\000t\000w\000o\000r\000k\000\040\000P\000r\000i\000c\000i\000n\000g}{}% 4
\BOOKMARK [3][-]{subsubsection.0.2.1}{\376\377\000M\000o\000t\000i\000v\000a\000t\000i\000o\000n\000:\000\040\000W\000h\000y\000\040\000T\000r\000a\000i\000n\000\040\000a\000\040\000N\000e\000t\000w\000o\000r\000k\000\040\000a\000t\000\040\000A\000l\000l\000?}{subsection.0.2}% 5
\BOOKMARK [3][-]{subsubsection.0.2.2}{\376\377\000G\000e\000n\000e\000r\000a\000t\000i\000n\000g\000\040\000t\000h\000e\000\040\000T\000r\000a\000i\000n\000i\000n\000g\000\040\000D\000a\000t\000a}{subsection.0.2}% 6
\BOOKMARK [3][-]{subsubsection.0.2.3}{\376\377\000P\000a\000r\000a\000m\000e\000t\000e\000r\000\040\000N\000o\000r\000m\000a\000l\000i\000s\000a\000t\000i\000o\000n}{subsection.0.2}% 7
\BOOKMARK [3][-]{subsubsection.0.2.4}{\376\377\000N\000e\000t\000w\000o\000r\000k\000\040\000A\000r\000c\000h\000i\000t\000e\000c\000t\000u\000r\000e}{subsection.0.2}% 8
\BOOKMARK [3][-]{subsubsection.0.2.5}{\376\377\000T\000r\000a\000i\000n\000i\000n\000g}{subsection.0.2}% 9
\BOOKMARK [3][-]{subsubsection.0.2.6}{\376\377\000L\000o\000s\000s\000\040\000C\000u\000r\000v\000e\000s}{subsection.0.2}% 10
\BOOKMARK [3][-]{subsubsection.0.2.7}{\376\377\000O\000u\000t\000-\000o\000f\000-\000S\000a\000m\000p\000l\000e\000\040\000A\000c\000c\000u\000r\000a\000c\000y}{subsection.0.2}% 11
\BOOKMARK [3][-]{subsubsection.0.2.8}{\376\377\000P\000r\000e\000d\000i\000c\000t\000e\000d\000\040\000v\000s\000.\000\040\000A\000c\000t\000u\000a\000l\000\040\000P\000r\000i\000c\000e\000s\000\040\000a\000n\000d\000\040\000t\000h\000e\000\040\000R\000e\000s\000i\000d\000u\000a\000l\000\040\000D\000i\000s\000t\000r\000i\000b\000u\000t\000i\000o\000n}{subsection.0.2}% 12
\BOOKMARK [3][-]{subsubsection.0.2.9}{\376\377\000S\000p\000e\000e\000d\000\040\000B\000e\000n\000c\000h\000m\000a\000r\000k}{subsection.0.2}% 13
\BOOKMARK [3][-]{subsubsection.0.2.10}{\376\377\000P\000r\000i\000c\000i\000n\000g\000\040\000S\000u\000r\000f\000a\000c\000e}{subsection.0.2}% 14
\BOOKMARK [2][-]{subsection.0.3}{\376\377\000M\000o\000n\000t\000e\000\040\000C\000a\000r\000l\000o\000\040\000S\000i\000m\000u\000l\000a\000t\000i\000o\000n\000\040\000u\000n\000d\000e\000r\000\040\000t\000h\000e\000\040\000H\000e\000s\000t\000o\000n\000\040\000M\000o\000d\000e\000l}{}% 15
\BOOKMARK [3][-]{subsubsection.0.3.1}{\376\377\000D\000i\000s\000c\000r\000e\000t\000i\000s\000a\000t\000i\000o\000n\000\040\000C\000o\000n\000v\000e\000r\000g\000e\000n\000c\000e\000:\000\040\000H\000o\000w\000\040\000M\000a\000n\000y\000\040\000T\000i\000m\000e\000\040\000S\000t\000e\000p\000s\000\040\000A\000r\000e\000\040\000E\000n\000o\000u\000g\000h\000?}{subsection.0.3}% 16
\BOOKMARK [3][-]{subsubsection.0.3.2}{\376\377\000P\000a\000r\000a\000m\000e\000t\000e\000r\000\040\000S\000e\000n\000s\000i\000t\000i\000v\000i\000t\000y\000:\000\040\000E\000f\000f\000e\000c\000t\000\040\000o\000f\000\040\000C\000o\000r\000r\000e\000l\000a\000t\000i\000o\000n\000\040}{subsection.0.3}% 17
\BOOKMARK [3][-]{subsubsection.0.3.3}{\376\377\000P\000a\000r\000a\000m\000e\000t\000e\000r\000\040\000S\000e\000n\000s\000i\000t\000i\000v\000i\000t\000y\000:\000\040\000E\000f\000f\000e\000c\000t\000\040\000o\000f\000\040\000V\000o\000l\000\040\000o\000f\000\040\000V\000o\000l\000\040}{subsection.0.3}% 18
\BOOKMARK [3][-]{subsubsection.0.3.4}{\376\377\000N\000u\000m\000e\000r\000i\000c\000a\000l\000\040\000V\000a\000l\000i\000d\000a\000t\000i\000o\000n\000\040\000A\000g\000a\000i\000n\000s\000t\000\040\000t\000h\000e\000\040\000S\000e\000m\000i\000-\000A\000n\000a\000l\000y\000t\000i\000c\000\040\000P\000r\000i\000c\000e}{subsection.0.3}% 19
\BOOKMARK [3][-]{subsubsection.0.3.5}{\376\377\000H\000e\000s\000t\000o\000n\000\040\000v\000s\000.\000\040\000B\000l\000a\000c\000k\000-\000S\000c\000h\000o\000l\000e\000s\000:\000\040\000W\000h\000e\000n\000\040\000D\000o\000\040\000T\000h\000e\000y\000\040\000D\000i\000v\000e\000r\000g\000e\000?}{subsection.0.3}% 20
\BOOKMARK [2][-]{subsection.0.4}{\376\377\000D\000e\000e\000p\000\040\000N\000e\000u\000r\000a\000l\000\040\000N\000e\000t\000w\000o\000r\000k\000\040\000P\000r\000i\000c\000i\000n\000g\000\040\000u\000n\000d\000e\000r\000\040\000t\000h\000e\000\040\000H\000e\000s\000t\000o\000n\000\040\000M\000o\000d\000e\000l}{}% 21
\BOOKMARK [3][-]{subsubsection.0.4.1}{\376\377\000S\000c\000a\000l\000i\000n\000g\000\040\000U\000p\000:\000\040\000D\000a\000t\000a\000,\000\040\000N\000o\000r\000m\000a\000l\000i\000s\000a\000t\000i\000o\000n\000\040\000a\000n\000d\000\040\000A\000r\000c\000h\000i\000t\000e\000c\000t\000u\000r\000e}{subsection.0.4}% 22
\BOOKMARK [3][-]{subsubsection.0.4.2}{\376\377\000T\000r\000a\000i\000n\000i\000n\000g\000\040\000B\000e\000h\000a\000v\000i\000o\000u\000r\000\040\000a\000n\000d\000\040\000O\000u\000t\000-\000o\000f\000-\000S\000a\000m\000p\000l\000e\000\040\000A\000c\000c\000u\000r\000a\000c\000y}{subsection.0.4}% 23
\BOOKMARK [3][-]{subsubsection.0.4.3}{\376\377\000S\000p\000e\000e\000d\000\040\000B\000e\000n\000c\000h\000m\000a\000r\000k}{subsection.0.4}% 24
\BOOKMARK [3][-]{subsubsection.0.4.4}{\376\377\000P\000r\000i\000c\000i\000n\000g\000\040\000S\000u\000r\000f\000a\000c\000e}{subsection.0.4}% 25
